  Determining projects to restore...
  All projects are up-to-date for restore.
  WintabDN -> C:\Users\seven\Documents\GitHub\WinTabPainter\WintabDN\bin\Debug\net10.0-windows\WintabDN.dll
C:\Users\seven\Documents\GitHub\WinTabPainter\WinTabUtils\Geometry\PointDExtensions.cs(5,27): error CS1003: Syntax error, '.' expected [C:\Users\seven\Documents\GitHub\WinTabPainter\WinTabUtils\WinTabUtils.csproj]
C:\Users\seven\Documents\GitHub\WinTabPainter\WinTabUtils\Geometry\PointDExtensions.cs(5,44): error CS1003: Syntax error, '.' expected [C:\Users\seven\Documents\GitHub\WinTabPainter\WinTabUtils\WinTabUtils.csproj]
C:\Users\seven\Documents\GitHub\WinTabPainter\WinTabUtils\Geometry\PointDExtensions.cs(5,44): error CS1003: Syntax error, 'operator' expected [C:\Users\seven\Documents\GitHub\WinTabPainter\WinTabUtils\WinTabUtils.csproj]
C:\Users\seven\Documents\GitHub\WinTabPainter\WinTabUtils\Geometry\PointDExtensions.cs(5,44): error CS1031: Type expected [C:\Users\seven\Documents\GitHub\WinTabPainter\WinTabUtils\WinTabUtils.csproj]
C:\Users\seven\Documents\GitHub\WinTabPainter\WinTabUtils\Geometry\PointDExtensions.cs(5,44): error CS1003: Syntax error, '(' expected [C:\Users\seven\Documents\GitHub\WinTabPainter\WinTabUtils\WinTabUtils.csproj]
C:\Users\seven\Documents\GitHub\WinTabPainter\WinTabUtils\Geometry\PointDExtensions.cs(5,44): error CS1041: Identifier expected; 'for' is a keyword [C:\Users\seven\Documents\GitHub\WinTabPainter\WinTabUtils\WinTabUtils.csproj]
C:\Users\seven\Documents\GitHub\WinTabPainter\WinTabUtils\Geometry\PointDExtensions.cs(5,54): error CS1001: Identifier expected [C:\Users\seven\Documents\GitHub\WinTabPainter\WinTabUtils\WinTabUtils.csproj]
C:\Users\seven\Documents\GitHub\WinTabPainter\WinTabUtils\Geometry\PointDExtensions.cs(5,54): error CS1003: Syntax error, ',' expected [C:\Users\seven\Documents\GitHub\WinTabPainter\WinTabUtils\WinTabUtils.csproj]
C:\Users\seven\Documents\GitHub\WinTabPainter\WinTabUtils\Geometry\PointDExtensions.cs(6,2): error CS1026: ) expected [C:\Users\seven\Documents\GitHub\WinTabPainter\WinTabUtils\WinTabUtils.csproj]
C:\Users\seven\Documents\GitHub\WinTabPainter\WinTabUtils\Geometry\PointDExtensions.cs(6,2): error CS1002: ; expected [C:\Users\seven\Documents\GitHub\WinTabPainter\WinTabUtils\WinTabUtils.csproj]
C:\Users\seven\Documents\GitHub\WinTabPainter\WinTabUtils\Geometry\PointDExtensions.cs(8,1): error CS1022: Type or namespace definition, or end-of-file expected [C:\Users\seven\Documents\GitHub\WinTabPainter\WinTabUtils\WinTabUtils.csproj]
C:\Users\seven\Documents\GitHub\WinTabPainter\WinTabUtils\Geometry\PointExtensions.cs(5,27): error CS1003: Syntax error, '.' expected [C:\Users\seven\Documents\GitHub\WinTabPainter\WinTabUtils\WinTabUtils.csproj]
C:\Users\seven\Documents\GitHub\WinTabPainter\WinTabUtils\Geometry\PointExtensions.cs(5,43): error CS1003: Syntax error, '.' expected [C:\Users\seven\Documents\GitHub\WinTabPainter\WinTabUtils\WinTabUtils.csproj]
C:\Users\seven\Documents\GitHub\WinTabPainter\WinTabUtils\Geometry\PointExtensions.cs(5,43): error CS1003: Syntax error, 'operator' expected [C:\Users\seven\Documents\GitHub\WinTabPainter\WinTabUtils\WinTabUtils.csproj]
C:\Users\seven\Documents\GitHub\WinTabPainter\WinTabUtils\Geometry\PointExtensions.cs(5,43): error CS1031: Type expected [C:\Users\seven\Documents\GitHub\WinTabPainter\WinTabUtils\WinTabUtils.csproj]
C:\Users\seven\Documents\GitHub\WinTabPainter\WinTabUtils\Geometry\PointExtensions.cs(5,43): error CS1003: Syntax error, '(' expected [C:\Users\seven\Documents\GitHub\WinTabPainter\WinTabUtils\WinTabUtils.csproj]
C:\Users\seven\Documents\GitHub\WinTabPainter\WinTabUtils\Geometry\PointExtensions.cs(5,43): error CS1041: Identifier expected; 'for' is a keyword [C:\Users\seven\Documents\GitHub\WinTabPainter\WinTabUtils\WinTabUtils.csproj]
C:\Users\seven\Documents\GitHub\WinTabPainter\WinTabUtils\Geometry\SizeDExtensions.cs(5,27): error CS1003: Syntax error, '.' expected [C:\Users\seven\Documents\GitHub\WinTabPainter\WinTabUtils\WinTabUtils.csproj]
C:\Users\seven\Documents\GitHub\WinTabPainter\WinTabUtils\Geometry\SizeDExtensions.cs(5,43): error CS1003: Syntax error, '.' expected [C:\Users\seven\Documents\GitHub\WinTabPainter\WinTabUtils\WinTabUtils.csproj]
C:\Users\seven\Documents\GitHub\WinTabPainter\WinTabUtils\Geometry\PointExtensions.cs(5,52): error CS1001: Identifier expected [C:\Users\seven\Documents\GitHub\WinTabPainter\WinTabUtils\WinTabUtils.csproj]
C:\Users\seven\Documents\GitHub\WinTabPainter\WinTabUtils\Geometry\SizeDExtensions.cs(5,43): error CS1003: Syntax error, 'operator' expected [C:\Users\seven\Documents\GitHub\WinTabPainter\WinTabUtils\WinTabUtils.csproj]
C:\Users\seven\Documents\GitHub\WinTabPainter\WinTabUtils\Geometry\PointExtensions.cs(5,52): error CS1003: Syntax error, ',' expected [C:\Users\seven\Documents\GitHub\WinTabPainter\WinTabUtils\WinTabUtils.csproj]
C:\Users\seven\Documents\GitHub\WinTabPainter\WinTabUtils\Geometry\SizeDExtensions.cs(5,43): error CS1031: Type expected [C:\Users\seven\Documents\GitHub\WinTabPainter\WinTabUtils\WinTabUtils.csproj]
C:\Users\seven\Documents\GitHub\WinTabPainter\WinTabUtils\Geometry\PointExtensions.cs(6,2): error CS1026: ) expected [C:\Users\seven\Documents\GitHub\WinTabPainter\WinTabUtils\WinTabUtils.csproj]
C:\Users\seven\Documents\GitHub\WinTabPainter\WinTabUtils\Geometry\PointExtensions.cs(6,2): error CS1002: ; expected [C:\Users\seven\Documents\GitHub\WinTabPainter\WinTabUtils\WinTabUtils.csproj]
C:\Users\seven\Documents\GitHub\WinTabPainter\WinTabUtils\Geometry\SizeDExtensions.cs(5,43): error CS1003: Syntax error, '(' expected [C:\Users\seven\Documents\GitHub\WinTabPainter\WinTabUtils\WinTabUtils.csproj]
C:\Users\seven\Documents\GitHub\WinTabPainter\WinTabUtils\Geometry\PointExtensions.cs(8,1): error CS1022: Type or namespace definition, or end-of-file expected [C:\Users\seven\Documents\GitHub\WinTabPainter\WinTabUtils\WinTabUtils.csproj]
C:\Users\seven\Documents\GitHub\WinTabPainter\WinTabUtils\Geometry\SizeDExtensions.cs(5,43): error CS1041: Identifier expected; 'for' is a keyword [C:\Users\seven\Documents\GitHub\WinTabPainter\WinTabUtils\WinTabUtils.csproj]
C:\Users\seven\Documents\GitHub\WinTabPainter\WinTabUtils\Geometry\SizeDExtensions.cs(5,52): error CS1001: Identifier expected [C:\Users\seven\Documents\GitHub\WinTabPainter\WinTabUtils\WinTabUtils.csproj]
C:\Users\seven\Documents\GitHub\WinTabPainter\WinTabUtils\Geometry\SizeDExtensions.cs(5,52): error CS1003: Syntax error, ',' expected [C:\Users\seven\Documents\GitHub\WinTabPainter\WinTabUtils\WinTabUtils.csproj]
C:\Users\seven\Documents\GitHub\WinTabPainter\WinTabUtils\Geometry\SizeDExtensions.cs(6,2): error CS1026: ) expected [C:\Users\seven\Documents\GitHub\WinTabPainter\WinTabUtils\WinTabUtils.csproj]
C:\Users\seven\Documents\GitHub\WinTabPainter\WinTabUtils\Geometry\SizeExtensions.cs(5,27): error CS1003: Syntax error, '.' expected [C:\Users\seven\Documents\GitHub\WinTabPainter\WinTabUtils\WinTabUtils.csproj]
C:\Users\seven\Documents\GitHub\WinTabPainter\WinTabUtils\Geometry\SizeDExtensions.cs(6,2): error CS1002: ; expected [C:\Users\seven\Documents\GitHub\WinTabPainter\WinTabUtils\WinTabUtils.csproj]
C:\Users\seven\Documents\GitHub\WinTabPainter\WinTabUtils\Geometry\SizeDExtensions.cs(8,1): error CS1022: Type or namespace definition, or end-of-file expected [C:\Users\seven\Documents\GitHub\WinTabPainter\WinTabUtils\WinTabUtils.csproj]
C:\Users\seven\Documents\GitHub\WinTabPainter\WinTabUtils\Geometry\SizeExtensions.cs(5,42): error CS1003: Syntax error, '.' expected [C:\Users\seven\Documents\GitHub\WinTabPainter\WinTabUtils\WinTabUtils.csproj]
C:\Users\seven\Documents\GitHub\WinTabPainter\WinTabUtils\Geometry\SizeExtensions.cs(5,42): error CS1003: Syntax error, 'operator' expected [C:\Users\seven\Documents\GitHub\WinTabPainter\WinTabUtils\WinTabUtils.csproj]
C:\Users\seven\Documents\GitHub\WinTabPainter\WinTabUtils\Geometry\SizeExtensions.cs(5,42): error CS1031: Type expected [C:\Users\seven\Documents\GitHub\WinTabPainter\WinTabUtils\WinTabUtils.csproj]
C:\Users\seven\Documents\GitHub\WinTabPainter\WinTabUtils\Geometry\SizeExtensions.cs(5,42): error CS1003: Syntax error, '(' expected [C:\Users\seven\Documents\GitHub\WinTabPainter\WinTabUtils\WinTabUtils.csproj]
C:\Users\seven\Documents\GitHub\WinTabPainter\WinTabUtils\Geometry\SizeExtensions.cs(5,42): error CS1041: Identifier expected; 'for' is a keyword [C:\Users\seven\Documents\GitHub\WinTabPainter\WinTabUtils\WinTabUtils.csproj]
C:\Users\seven\Documents\GitHub\WinTabPainter\WinTabUtils\Geometry\SizeExtensions.cs(5,50): error CS1001: Identifier expected [C:\Users\seven\Documents\GitHub\WinTabPainter\WinTabUtils\WinTabUtils.csproj]
C:\Users\seven\Documents\GitHub\WinTabPainter\WinTabUtils\Geometry\SizeExtensions.cs(5,50): error CS1003: Syntax error, ',' expected [C:\Users\seven\Documents\GitHub\WinTabPainter\WinTabUtils\WinTabUtils.csproj]
C:\Users\seven\Documents\GitHub\WinTabPainter\WinTabUtils\Geometry\SizeExtensions.cs(6,2): error CS1026: ) expected [C:\Users\seven\Documents\GitHub\WinTabPainter\WinTabUtils\WinTabUtils.csproj]
C:\Users\seven\Documents\GitHub\WinTabPainter\WinTabUtils\Geometry\SizeExtensions.cs(6,2): error CS1002: ; expected [C:\Users\seven\Documents\GitHub\WinTabPainter\WinTabUtils\WinTabUtils.csproj]
C:\Users\seven\Documents\GitHub\WinTabPainter\WinTabUtils\Geometry\SizeExtensions.cs(8,1): error CS1022: Type or namespace definition, or end-of-file expected [C:\Users\seven\Documents\GitHub\WinTabPainter\WinTabUtils\WinTabUtils.csproj]

Build FAILED.

C:\Users\seven\Documents\GitHub\WinTabPainter\WinTabUtils\Geometry\PointDExtensions.cs(5,27): error CS1003: Syntax error, '.' expected [C:\Users\seven\Documents\GitHub\WinTabPainter\WinTabUtils\WinTabUtils.csproj]
C:\Users\seven\Documents\GitHub\WinTabPainter\WinTabUtils\Geometry\PointDExtensions.cs(5,44): error CS1003: Syntax error, '.' expected [C:\Users\seven\Documents\GitHub\WinTabPainter\WinTabUtils\WinTabUtils.csproj]
C:\Users\seven\Documents\GitHub\WinTabPainter\WinTabUtils\Geometry\PointDExtensions.cs(5,44): error CS1003: Syntax error, 'operator' expected [C:\Users\seven\Documents\GitHub\WinTabPainter\WinTabUtils\WinTabUtils.csproj]
C:\Users\seven\Documents\GitHub\WinTabPainter\WinTabUtils\Geometry\PointDExtensions.cs(5,44): error CS1031: Type expected [C:\Users\seven\Documents\GitHub\WinTabPainter\WinTabUtils\WinTabUtils.csproj]
C:\Users\seven\Documents\GitHub\WinTabPainter\WinTabUtils\Geometry\PointDExtensions.cs(5,44): error CS1003: Syntax error, '(' expected [C:\Users\seven\Documents\GitHub\WinTabPainter\WinTabUtils\WinTabUtils.csproj]
C:\Users\seven\Documents\GitHub\WinTabPainter\WinTabUtils\Geometry\PointDExtensions.cs(5,44): error CS1041: Identifier expected; 'for' is a keyword [C:\Users\seven\Documents\GitHub\WinTabPainter\WinTabUtils\WinTabUtils.csproj]
C:\Users\seven\Documents\GitHub\WinTabPainter\WinTabUtils\Geometry\PointDExtensions.cs(5,54): error CS1001: Identifier expected [C:\Users\seven\Documents\GitHub\WinTabPainter\WinTabUtils\WinTabUtils.csproj]
C:\Users\seven\Documents\GitHub\WinTabPainter\WinTabUtils\Geometry\PointDExtensions.cs(5,54): error CS1003: Syntax error, ',' expected [C:\Users\seven\Documents\GitHub\WinTabPainter\WinTabUtils\WinTabUtils.csproj]
C:\Users\seven\Documents\GitHub\WinTabPainter\WinTabUtils\Geometry\PointDExtensions.cs(6,2): error CS1026: ) expected [C:\Users\seven\Documents\GitHub\WinTabPainter\WinTabUtils\WinTabUtils.csproj]
C:\Users\seven\Documents\GitHub\WinTabPainter\WinTabUtils\Geometry\PointDExtensions.cs(6,2): error CS1002: ; expected [C:\Users\seven\Documents\GitHub\WinTabPainter\WinTabUtils\WinTabUtils.csproj]
C:\Users\seven\Documents\GitHub\WinTabPainter\WinTabUtils\Geometry\PointDExtensions.cs(8,1): error CS1022: Type or namespace definition, or end-of-file expected [C:\Users\seven\Documents\GitHub\WinTabPainter\WinTabUtils\WinTabUtils.csproj]
C:\Users\seven\Documents\GitHub\WinTabPainter\WinTabUtils\Geometry\PointExtensions.cs(5,27): error CS1003: Syntax error, '.' expected [C:\Users\seven\Documents\GitHub\WinTabPainter\WinTabUtils\WinTabUtils.csproj]
C:\Users\seven\Documents\GitHub\WinTabPainter\WinTabUtils\Geometry\PointExtensions.cs(5,43): error CS1003: Syntax error, '.' expected [C:\Users\seven\Documents\GitHub\WinTabPainter\WinTabUtils\WinTabUtils.csproj]
C:\Users\seven\Documents\GitHub\WinTabPainter\WinTabUtils\Geometry\PointExtensions.cs(5,43): error CS1003: Syntax error, 'operator' expected [C:\Users\seven\Documents\GitHub\WinTabPainter\WinTabUtils\WinTabUtils.csproj]
C:\Users\seven\Documents\GitHub\WinTabPainter\WinTabUtils\Geometry\PointExtensions.cs(5,43): error CS1031: Type expected [C:\Users\seven\Documents\GitHub\WinTabPainter\WinTabUtils\WinTabUtils.csproj]
C:\Users\seven\Documents\GitHub\WinTabPainter\WinTabUtils\Geometry\PointExtensions.cs(5,43): error CS1003: Syntax error, '(' expected [C:\Users\seven\Documents\GitHub\WinTabPainter\WinTabUtils\WinTabUtils.csproj]
C:\Users\seven\Documents\GitHub\WinTabPainter\WinTabUtils\Geometry\PointExtensions.cs(5,43): error CS1041: Identifier expected; 'for' is a keyword [C:\Users\seven\Documents\GitHub\WinTabPainter\WinTabUtils\WinTabUtils.csproj]
C:\Users\seven\Documents\GitHub\WinTabPainter\WinTabUtils\Geometry\SizeDExtensions.cs(5,27): error CS1003: Syntax error, '.' expected [C:\Users\seven\Documents\GitHub\WinTabPainter\WinTabUtils\WinTabUtils.csproj]
C:\Users\seven\Documents\GitHub\WinTabPainter\WinTabUtils\Geometry\SizeDExtensions.cs(5,43): error CS1003: Syntax error, '.' expected [C:\Users\seven\Documents\GitHub\WinTabPainter\WinTabUtils\WinTabUtils.csproj]
C:\Users\seven\Documents\GitHub\WinTabPainter\WinTabUtils\Geometry\PointExtensions.cs(5,52): error CS1001: Identifier expected [C:\Users\seven\Documents\GitHub\WinTabPainter\WinTabUtils\WinTabUtils.csproj]
C:\Users\seven\Documents\GitHub\WinTabPainter\WinTabUtils\Geometry\SizeDExtensions.cs(5,43): error CS1003: Syntax error, 'operator' expected [C:\Users\seven\Documents\GitHub\WinTabPainter\WinTabUtils\WinTabUtils.csproj]
C:\Users\seven\Documents\GitHub\WinTabPainter\WinTabUtils\Geometry\PointExtensions.cs(5,52): error CS1003: Syntax error, ',' expected [C:\Users\seven\Documents\GitHub\WinTabPainter\WinTabUtils\WinTabUtils.csproj]
C:\Users\seven\Documents\GitHub\WinTabPainter\WinTabUtils\Geometry\SizeDExtensions.cs(5,43): error CS1031: Type expected [C:\Users\seven\Documents\GitHub\WinTabPainter\WinTabUtils\WinTabUtils.csproj]
C:\Users\seven\Documents\GitHub\WinTabPainter\WinTabUtils\Geometry\PointExtensions.cs(6,2): error CS1026: ) expected [C:\Users\seven\Documents\GitHub\WinTabPainter\WinTabUtils\WinTabUtils.csproj]
C:\Users\seven\Documents\GitHub\WinTabPainter\WinTabUtils\Geometry\PointExtensions.cs(6,2): error CS1002: ; expected [C:\Users\seven\Documents\GitHub\WinTabPainter\WinTabUtils\WinTabUtils.csproj]
C:\Users\seven\Documents\GitHub\WinTabPainter\WinTabUtils\Geometry\SizeDExtensions.cs(5,43): error CS1003: Syntax error, '(' expected [C:\Users\seven\Documents\GitHub\WinTabPainter\WinTabUtils\WinTabUtils.csproj]
C:\Users\seven\Documents\GitHub\WinTabPainter\WinTabUtils\Geometry\PointExtensions.cs(8,1): error CS1022: Type or namespace definition, or end-of-file expected [C:\Users\seven\Documents\GitHub\WinTabPainter\WinTabUtils\WinTabUtils.csproj]
C:\Users\seven\Documents\GitHub\WinTabPainter\WinTabUtils\Geometry\SizeDExtensions.cs(5,43): error CS1041: Identifier expected; 'for' is a keyword [C:\Users\seven\Documents\GitHub\WinTabPainter\WinTabUtils\WinTabUtils.csproj]
C:\Users\seven\Documents\GitHub\WinTabPainter\WinTabUtils\Geometry\SizeDExtensions.cs(5,52): error CS1001: Identifier expected [C:\Users\seven\Documents\GitHub\WinTabPainter\WinTabUtils\WinTabUtils.csproj]
C:\Users\seven\Documents\GitHub\WinTabPainter\WinTabUtils\Geometry\SizeDExtensions.cs(5,52): error CS1003: Syntax error, ',' expected [C:\Users\seven\Documents\GitHub\WinTabPainter\WinTabUtils\WinTabUtils.csproj]
C:\Users\seven\Documents\GitHub\WinTabPainter\WinTabUtils\Geometry\SizeDExtensions.cs(6,2): error CS1026: ) expected [C:\Users\seven\Documents\GitHub\WinTabPainter\WinTabUtils\WinTabUtils.csproj]
C:\Users\seven\Documents\GitHub\WinTabPainter\WinTabUtils\Geometry\SizeExtensions.cs(5,27): error CS1003: Syntax error, '.' expected [C:\Users\seven\Documents\GitHub\WinTabPainter\WinTabUtils\WinTabUtils.csproj]
C:\Users\seven\Documents\GitHub\WinTabPainter\WinTabUtils\Geometry\SizeDExtensions.cs(6,2): error CS1002: ; expected [C:\Users\seven\Documents\GitHub\WinTabPainter\WinTabUtils\WinTabUtils.csproj]
C:\Users\seven\Documents\GitHub\WinTabPainter\WinTabUtils\Geometry\SizeDExtensions.cs(8,1): error CS1022: Type or namespace definition, or end-of-file expected [C:\Users\seven\Documents\GitHub\WinTabPainter\WinTabUtils\WinTabUtils.csproj]
C:\Users\seven\Documents\GitHub\WinTabPainter\WinTabUtils\Geometry\SizeExtensions.cs(5,42): error CS1003: Syntax error, '.' expected [C:\Users\seven\Documents\GitHub\WinTabPainter\WinTabUtils\WinTabUtils.csproj]
C:\Users\seven\Documents\GitHub\WinTabPainter\WinTabUtils\Geometry\SizeExtensions.cs(5,42): error CS1003: Syntax error, 'operator' expected [C:\Users\seven\Documents\GitHub\WinTabPainter\WinTabUtils\WinTabUtils.csproj]
C:\Users\seven\Documents\GitHub\WinTabPainter\WinTabUtils\Geometry\SizeExtensions.cs(5,42): error CS1031: Type expected [C:\Users\seven\Documents\GitHub\WinTabPainter\WinTabUtils\WinTabUtils.csproj]
C:\Users\seven\Documents\GitHub\WinTabPainter\WinTabUtils\Geometry\SizeExtensions.cs(5,42): error CS1003: Syntax error, '(' expected [C:\Users\seven\Documents\GitHub\WinTabPainter\WinTabUtils\WinTabUtils.csproj]
C:\Users\seven\Documents\GitHub\WinTabPainter\WinTabUtils\Geometry\SizeExtensions.cs(5,42): error CS1041: Identifier expected; 'for' is a keyword [C:\Users\seven\Documents\GitHub\WinTabPainter\WinTabUtils\WinTabUtils.csproj]
C:\Users\seven\Documents\GitHub\WinTabPainter\WinTabUtils\Geometry\SizeExtensions.cs(5,50): error CS1001: Identifier expected [C:\Users\seven\Documents\GitHub\WinTabPainter\WinTabUtils\WinTabUtils.csproj]
C:\Users\seven\Documents\GitHub\WinTabPainter\WinTabUtils\Geometry\SizeExtensions.cs(5,50): error CS1003: Syntax error, ',' expected [C:\Users\seven\Documents\GitHub\WinTabPainter\WinTabUtils\WinTabUtils.csproj]
C:\Users\seven\Documents\GitHub\WinTabPainter\WinTabUtils\Geometry\SizeExtensions.cs(6,2): error CS1026: ) expected [C:\Users\seven\Documents\GitHub\WinTabPainter\WinTabUtils\WinTabUtils.csproj]
C:\Users\seven\Documents\GitHub\WinTabPainter\WinTabUtils\Geometry\SizeExtensions.cs(6,2): error CS1002: ; expected [C:\Users\seven\Documents\GitHub\WinTabPainter\WinTabUtils\WinTabUtils.csproj]
C:\Users\seven\Documents\GitHub\WinTabPainter\WinTabUtils\Geometry\SizeExtensions.cs(8,1): error CS1022: Type or namespace definition, or end-of-file expected [C:\Users\seven\Documents\GitHub\WinTabPainter\WinTabUtils\WinTabUtils.csproj]
    0 Warning(s)
    44 Error(s)

Time Elapsed 00:00:00.85
